// Vitest Snapshot v1, https://vitest.dev/guide/snapshot.html

exports[`HintText Component > matches snapshot 1`] = `
<DocumentFragment>
  <span
    class="MuiTypography-root MuiTypography-caption css-1jkzbat-MuiTypography-root"
  >
    Snapshot test
  </span>
</DocumentFragment>
`;
