// Vitest Snapshot v1, https://vitest.dev/guide/snapshot.html

exports[`renders container with initial state 1`] = `<div />`;
