// Vitest Snapshot v1, https://vitest.dev/guide/snapshot.html

exports[`MyCheckbox (Without test-utils.tsx) > should match snapshot when unchecked by default 1`] = `
<DocumentFragment>
  <span
    class="MuiButtonBase-root MuiCheckbox-root MuiCheckbox-colorDefault MuiCheckbox-sizeMedium PrivateSwitchBase-root MuiCheckbox-root MuiCheckbox-colorDefault MuiCheckbox-sizeMedium MuiCheckbox-root MuiCheckbox-colorDefault MuiCheckbox-sizeMedium css-doy2y2-MuiButtonBase-root-MuiCheckbox-root"
    customvariant="default"
  >
    <input
      aria-checked="false"
      aria-disabled="false"
      class="PrivateSwitchBase-input css-j8yymo"
      data-indeterminate="false"
      role="checkbox"
      type="checkbox"
    />
    <svg
      aria-hidden="true"
      class="MuiSvgIcon-root MuiSvgIcon-fontSizeMedium css-eqnrfk-MuiSvgIcon-root"
      data-testid="CheckBoxOutlineBlankIcon"
      focusable="false"
      viewBox="0 0 24 24"
    >
      <path
        d="M19 5v14H5V5h14m0-2H5c-1.1 0-2 .9-2 2v14c0 1.1.9 2 2 2h14c1.1 0 2-.9 2-2V5c0-1.1-.9-2-2-2z"
      />
    </svg>
  </span>
</DocumentFragment>
`;
