// Vitest Snapshot v1, https://vitest.dev/guide/snapshot.html

exports[`CountryList Component > matches snapshot 1`] = `
<div>
  <div
    class="_country-list__container_0abd6d"
  >
    <button
      class="_country-list__select-button_0abd6d"
    >
      US
    </button>
    <div
      class="_country-list__dropdown_0abd6d _scrollbar_0abd6d"
    >
      <div
        class="_country-list__list_0abd6d"
      >
        <div
          class="_country-list__item_0abd6d "
          role="button"
          tabindex="0"
        >
          <img
            alt="Spain"
            class="_country-list__flag_0abd6d"
            src="ðŸ‡ªðŸ‡¸"
          />
          <span
            class="_country-list__name_0abd6d"
          >
            Spain
          </span>
          <span
            class="_country-list__dial-code_0abd6d"
          >
            (
            +34
            )
          </span>
        </div>
        <div
          class="_country-list__item_0abd6d "
          role="button"
          tabindex="0"
        >
          <img
            alt="United States"
            class="_country-list__flag_0abd6d"
            src="ðŸ‡ºðŸ‡¸"
          />
          <span
            class="_country-list__name_0abd6d"
          >
            United States
          </span>
          <span
            class="_country-list__dial-code_0abd6d"
          >
            (
            +1
            )
          </span>
        </div>
        <div
          class="_country-list__item_0abd6d "
          role="button"
          tabindex="0"
        >
          <img
            alt="France"
            class="_country-list__flag_0abd6d"
            src="ðŸ‡«ðŸ‡·"
          />
          <span
            class="_country-list__name_0abd6d"
          >
            France
          </span>
          <span
            class="_country-list__dial-code_0abd6d"
          >
            (
            +33
            )
          </span>
        </div>
      </div>
    </div>
  </div>
</div>
`;
